images/2264.jpg	labels/2264.png
images/341.jpg	labels/341.png
images/1141.jpg	labels/1141.png
images/2149.jpg	labels/2149.png
images/1013.jpg	labels/1013.png
images/1303.jpg	labels/1303.png
images/1696.jpg	labels/1696.png
images/494.jpg	labels/494.png
images/441.jpg	labels/441.png
images/1264.jpg	labels/1264.png
images/159.jpg	labels/159.png
images/2275.jpg	labels/2275.png
images/3727.jpg	labels/3727.png
images/1746.jpg	labels/1746.png
images/4091.jpg	labels/4091.png
images/3622.jpg	labels/3622.png
images/1248.jpg	labels/1248.png
images/1203.jpg	labels/1203.png
images/1466.jpg	labels/1466.png
images/2678.jpg	labels/2678.png
images/953.jpg	labels/953.png
images/2086.jpg	labels/2086.png
images/409.jpg	labels/409.png
images/3784.jpg	labels/3784.png
images/2394.jpg	labels/2394.png
images/1015.jpg	labels/1015.png
images/865.jpg	labels/865.png
images/233.jpg	labels/233.png
images/519.jpg	labels/519.png
images/1935.jpg	labels/1935.png
images/2613.jpg	labels/2613.png
images/1807.jpg	labels/1807.png
images/4149.jpg	labels/4149.png
images/1737.jpg	labels/1737.png
images/3909.jpg	labels/3909.png
images/3649.jpg	labels/3649.png
images/2051.jpg	labels/2051.png
images/1619.jpg	labels/1619.png
images/3896.jpg	labels/3896.png
images/1510.jpg	labels/1510.png
images/483.jpg	labels/483.png
images/526.jpg	labels/526.png
images/507.jpg	labels/507.png
images/2519.jpg	labels/2519.png
images/1508.jpg	labels/1508.png
images/2431.jpg	labels/2431.png
images/1077.jpg	labels/1077.png
images/3978.jpg	labels/3978.png
images/1268.jpg	labels/1268.png
images/474.jpg	labels/474.png
images/3999.jpg	labels/3999.png
images/390.jpg	labels/390.png
images/1462.jpg	labels/1462.png
images/2326.jpg	labels/2326.png
images/1501.jpg	labels/1501.png
images/4169.jpg	labels/4169.png
images/1944.jpg	labels/1944.png
images/3556.jpg	labels/3556.png
images/4187.jpg	labels/4187.png
images/983.jpg	labels/983.png
images/1928.jpg	labels/1928.png
images/520.jpg	labels/520.png
images/3569.jpg	labels/3569.png
images/1447.jpg	labels/1447.png
images/2321.jpg	labels/2321.png
images/426.jpg	labels/426.png
images/1553.jpg	labels/1553.png
images/3903.jpg	labels/3903.png
images/621.jpg	labels/621.png
images/2262.jpg	labels/2262.png
